0 verbose cli /Users/lukashohenloechter/.nvm/versions/node/v18.20.8/bin/node /Users/lukashohenloechter/.nvm/versions/node/v18.20.8/bin/npm
1 info using npm@10.8.2
2 info using node@v18.20.8
3 silly config load:file:/Users/lukashohenloechter/.nvm/versions/node/v18.20.8/lib/node_modules/npm/npmrc
4 silly config load:file:/Users/lukashohenloechter/.npmrc
5 silly config load:file:/Users/lukashohenloechter/.nvm/versions/node/v18.20.8/etc/npmrc
6 verbose title npm install
7 verbose argv "install" "--package-lock" "false" "--cache" ".npm-cache"
8 verbose logfile logs-max:10 dir:/Users/lukashohenloechter/Desktop/bitte_ein_bit/.npm-cache/_logs/2026-04-26T09_32_30_130Z-
9 verbose logfile /Users/lukashohenloechter/Desktop/bitte_ein_bit/.npm-cache/_logs/2026-04-26T09_32_30_130Z-debug-0.log
10 silly packumentCache heap:4345298944 maxSize:1086324736 maxEntrySize:543162368
11 silly logfile done cleaning log files
12 silly idealTree buildDeps
13 silly fetch manifest @fortawesome/fontawesome-svg-core@^6.5.1
14 silly packumentCache full:https://registry.npmjs.org/@fortawesome%2ffontawesome-svg-core cache-miss
15 http fetch GET 200 https://registry.npmjs.org/npm 406ms
16 http fetch GET 200 https://registry.npmjs.org/@fortawesome%2ffontawesome-svg-core 766ms (cache miss)
17 silly packumentCache full:https://registry.npmjs.org/@fortawesome%2ffontawesome-svg-core set size:undefined disposed:false
18 silly fetch manifest vue@^3.5.13
19 silly packumentCache full:https://registry.npmjs.org/vue cache-miss
20 http fetch GET 200 https://registry.npmjs.org/vue 136ms (cache miss)
21 silly packumentCache full:https://registry.npmjs.org/vue set size:undefined disposed:false
22 silly fetch manifest typescript@*
23 silly packumentCache full:https://registry.npmjs.org/typescript cache-miss
24 http fetch GET 200 https://registry.npmjs.org/typescript 1256ms (cache miss)
25 silly packumentCache full:https://registry.npmjs.org/typescript set size:undefined disposed:false
26 silly placeDep ROOT @fortawesome/fontawesome-svg-core@6.7.2 OK for:  want: ^6.5.1
27 silly placeDep ROOT vue@3.5.33 OK for:  want: ^3.5.13
28 silly fetch manifest @fortawesome/fontawesome-common-types@6.7.2
29 silly packumentCache full:https://registry.npmjs.org/@fortawesome%2ffontawesome-common-types cache-miss
30 silly fetch manifest @vue/shared@3.5.33
31 silly packumentCache full:https://registry.npmjs.org/@vue%2fshared cache-miss
32 silly fetch manifest @vue/compiler-dom@3.5.33
33 silly packumentCache full:https://registry.npmjs.org/@vue%2fcompiler-dom cache-miss
34 silly fetch manifest @vue/runtime-dom@3.5.33
35 silly packumentCache full:https://registry.npmjs.org/@vue%2fruntime-dom cache-miss
36 silly fetch manifest @vue/compiler-sfc@3.5.33
37 silly packumentCache full:https://registry.npmjs.org/@vue%2fcompiler-sfc cache-miss
38 silly fetch manifest @vue/server-renderer@3.5.33
39 silly packumentCache full:https://registry.npmjs.org/@vue%2fserver-renderer cache-miss
40 http fetch GET 200 https://registry.npmjs.org/@vue%2fcompiler-dom 314ms (cache miss)
41 silly packumentCache full:https://registry.npmjs.org/@vue%2fcompiler-dom set size:undefined disposed:false
42 http fetch GET 200 https://registry.npmjs.org/@vue%2fshared 323ms (cache miss)
43 silly packumentCache full:https://registry.npmjs.org/@vue%2fshared set size:undefined disposed:false
44 http fetch GET 200 https://registry.npmjs.org/@fortawesome%2ffontawesome-common-types 607ms (cache miss)
45 silly packumentCache full:https://registry.npmjs.org/@fortawesome%2ffontawesome-common-types set size:undefined disposed:false
46 http fetch GET 200 https://registry.npmjs.org/@vue%2fserver-renderer 871ms (cache miss)
47 silly packumentCache full:https://registry.npmjs.org/@vue%2fserver-renderer set size:undefined disposed:false
48 http fetch GET 200 https://registry.npmjs.org/@vue%2fruntime-dom 877ms (cache miss)
49 silly packumentCache full:https://registry.npmjs.org/@vue%2fruntime-dom set size:undefined disposed:false
50 http fetch GET 200 https://registry.npmjs.org/@vue%2fcompiler-sfc 962ms (cache miss)
51 silly packumentCache full:https://registry.npmjs.org/@vue%2fcompiler-sfc set size:undefined disposed:false
52 silly placeDep ROOT @fortawesome/fontawesome-common-types@6.7.2 OK for: @fortawesome/fontawesome-svg-core@6.7.2 want: 6.7.2
53 silly fetch manifest vue@3.5.33
54 silly packumentCache full:https://registry.npmjs.org/vue cache-miss
55 http fetch GET 200 https://registry.npmjs.org/vue 12ms (cache hit)
56 silly packumentCache full:https://registry.npmjs.org/vue set size:2029368 disposed:false
57 silly placeDep ROOT @vue/compiler-dom@3.5.33 OK for: vue@3.5.33 want: 3.5.33
58 silly placeDep ROOT @vue/compiler-sfc@3.5.33 OK for: vue@3.5.33 want: 3.5.33
59 silly placeDep ROOT @vue/runtime-dom@3.5.33 OK for: vue@3.5.33 want: 3.5.33
60 silly placeDep ROOT @vue/server-renderer@3.5.33 OK for: vue@3.5.33 want: 3.5.33
61 silly placeDep ROOT @vue/shared@3.5.33 OK for: vue@3.5.33 want: 3.5.33
62 silly fetch manifest @vue/compiler-core@3.5.33
63 silly packumentCache full:https://registry.npmjs.org/@vue%2fcompiler-core cache-miss
64 silly fetch manifest @babel/parser@^7.29.2
65 silly packumentCache full:https://registry.npmjs.org/@babel%2fparser cache-miss
66 silly fetch manifest estree-walker@^2.0.2
67 silly packumentCache full:https://registry.npmjs.org/estree-walker cache-miss
68 silly fetch manifest magic-string@^0.30.21
69 silly packumentCache full:https://registry.npmjs.org/magic-string cache-miss
70 silly fetch manifest postcss@^8.5.10
71 silly packumentCache full:https://registry.npmjs.org/postcss cache-miss
72 silly fetch manifest source-map-js@^1.2.1
73 silly packumentCache full:https://registry.npmjs.org/source-map-js cache-miss
74 silly fetch manifest @vue/compiler-core@3.5.33
75 silly packumentCache full:https://registry.npmjs.org/@vue%2fcompiler-core cache-miss
76 http fetch GET 200 https://registry.npmjs.org/source-map-js 122ms (cache miss)
77 silly packumentCache full:https://registry.npmjs.org/source-map-js set size:undefined disposed:false
78 silly fetch manifest @vue/compiler-ssr@3.5.33
79 silly packumentCache full:https://registry.npmjs.org/@vue%2fcompiler-ssr cache-miss
80 http fetch GET 200 https://registry.npmjs.org/estree-walker 125ms (cache miss)
81 silly packumentCache full:https://registry.npmjs.org/estree-walker set size:undefined disposed:false
82 silly fetch manifest csstype@^3.2.3
83 silly packumentCache full:https://registry.npmjs.org/csstype cache-miss
84 http fetch GET 200 https://registry.npmjs.org/magic-string 128ms (cache miss)
85 silly packumentCache full:https://registry.npmjs.org/magic-string set size:undefined disposed:false
86 silly fetch manifest @vue/runtime-core@3.5.33
87 silly packumentCache full:https://registry.npmjs.org/@vue%2fruntime-core cache-miss
88 http fetch GET 200 https://registry.npmjs.org/@babel%2fparser 298ms (cache miss)
89 silly packumentCache full:https://registry.npmjs.org/@babel%2fparser set size:undefined disposed:false
90 silly fetch manifest @vue/reactivity@3.5.33
91 silly packumentCache full:https://registry.npmjs.org/@vue%2freactivity cache-miss
92 http fetch GET 200 https://registry.npmjs.org/csstype 179ms (cache miss)
93 silly packumentCache full:https://registry.npmjs.org/csstype set size:undefined disposed:false
94 silly fetch manifest @vue/compiler-ssr@3.5.33
95 silly packumentCache full:https://registry.npmjs.org/@vue%2fcompiler-ssr cache-miss
96 http fetch GET 200 https://registry.npmjs.org/postcss 345ms (cache miss)
97 silly packumentCache full:https://registry.npmjs.org/postcss set size:undefined disposed:false
98 http fetch GET 200 https://registry.npmjs.org/@vue%2fcompiler-ssr 226ms (cache miss)
99 silly packumentCache full:https://registry.npmjs.org/@vue%2fcompiler-ssr set size:undefined disposed:false
100 http fetch GET 200 https://registry.npmjs.org/@vue%2fcompiler-core 359ms (cache miss)
101 silly packumentCache full:https://registry.npmjs.org/@vue%2fcompiler-core set size:undefined disposed:false
102 http fetch GET 200 https://registry.npmjs.org/@vue%2fruntime-core 233ms (cache miss)
103 silly packumentCache full:https://registry.npmjs.org/@vue%2fruntime-core set size:undefined disposed:false
104 http fetch GET 200 https://registry.npmjs.org/@vue%2fcompiler-ssr 444ms (cache miss)
105 silly packumentCache full:https://registry.npmjs.org/@vue%2fcompiler-ssr set size:undefined disposed:false
106 http fetch GET 200 https://registry.npmjs.org/@vue%2freactivity 454ms (cache miss)
107 silly packumentCache full:https://registry.npmjs.org/@vue%2freactivity set size:undefined disposed:false
108 http fetch GET 200 https://registry.npmjs.org/@vue%2fcompiler-core 958ms (cache miss)
109 silly packumentCache full:https://registry.npmjs.org/@vue%2fcompiler-core set size:undefined disposed:false
110 silly placeDep ROOT @vue/compiler-core@3.5.33 OK for: @vue/compiler-dom@3.5.33 want: 3.5.33
111 silly fetch manifest entities@^7.0.1
112 silly packumentCache full:https://registry.npmjs.org/entities cache-miss
113 http fetch GET 200 https://registry.npmjs.org/entities 37ms (cache miss)
114 silly packumentCache full:https://registry.npmjs.org/entities set size:undefined disposed:false
115 silly placeDep ROOT @babel/parser@7.29.2 OK for: @vue/compiler-core@3.5.33 want: ^7.29.2
116 silly placeDep ROOT entities@7.0.1 OK for: @vue/compiler-core@3.5.33 want: ^7.0.1
117 silly placeDep ROOT estree-walker@2.0.2 OK for: @vue/compiler-core@3.5.33 want: ^2.0.2
118 silly placeDep ROOT source-map-js@1.2.1 OK for: @vue/compiler-core@3.5.33 want: ^1.2.1
119 silly fetch manifest @babel/types@^7.29.0
120 silly packumentCache full:https://registry.npmjs.org/@babel%2ftypes cache-miss
121 http fetch GET 200 https://registry.npmjs.org/@babel%2ftypes 274ms (cache miss)
122 silly packumentCache full:https://registry.npmjs.org/@babel%2ftypes set size:undefined disposed:false
123 silly placeDep ROOT @babel/types@7.29.0 OK for: @babel/parser@7.29.2 want: ^7.29.0
124 silly fetch manifest @babel/helper-string-parser@^7.27.1
125 silly packumentCache full:https://registry.npmjs.org/@babel%2fhelper-string-parser cache-miss
126 silly fetch manifest @babel/helper-validator-identifier@^7.28.5
127 silly packumentCache full:https://registry.npmjs.org/@babel%2fhelper-validator-identifier cache-miss
128 http fetch GET 200 https://registry.npmjs.org/@babel%2fhelper-string-parser 105ms (cache miss)
129 silly packumentCache full:https://registry.npmjs.org/@babel%2fhelper-string-parser set size:undefined disposed:false
130 http fetch GET 200 https://registry.npmjs.org/@babel%2fhelper-validator-identifier 107ms (cache miss)
131 silly packumentCache full:https://registry.npmjs.org/@babel%2fhelper-validator-identifier set size:undefined disposed:false
132 silly placeDep ROOT @babel/helper-string-parser@7.27.1 OK for: @babel/types@7.29.0 want: ^7.27.1
133 silly placeDep ROOT @babel/helper-validator-identifier@7.28.5 OK for: @babel/types@7.29.0 want: ^7.28.5
134 silly placeDep ROOT @vue/compiler-ssr@3.5.33 OK for: @vue/compiler-sfc@3.5.33 want: 3.5.33
135 silly placeDep ROOT magic-string@0.30.21 OK for: @vue/compiler-sfc@3.5.33 want: ^0.30.21
136 silly placeDep ROOT postcss@8.5.10 OK for: @vue/compiler-sfc@3.5.33 want: ^8.5.10
137 silly fetch manifest @jridgewell/sourcemap-codec@^1.5.5
138 silly packumentCache full:https://registry.npmjs.org/@jridgewell%2fsourcemap-codec cache-miss
139 silly fetch manifest nanoid@^3.3.11
140 silly packumentCache full:https://registry.npmjs.org/nanoid cache-miss
141 silly fetch manifest picocolors@^1.1.1
142 silly packumentCache full:https://registry.npmjs.org/picocolors cache-miss
143 http fetch GET 200 https://registry.npmjs.org/picocolors 93ms (cache miss)
144 silly packumentCache full:https://registry.npmjs.org/picocolors set size:undefined disposed:false
145 http fetch GET 200 https://registry.npmjs.org/nanoid 95ms (cache miss)
146 silly packumentCache full:https://registry.npmjs.org/nanoid set size:undefined disposed:false
147 http fetch GET 200 https://registry.npmjs.org/@jridgewell%2fsourcemap-codec 379ms (cache miss)
148 silly packumentCache full:https://registry.npmjs.org/@jridgewell%2fsourcemap-codec set size:undefined disposed:false
149 silly placeDep ROOT @vue/reactivity@3.5.33 OK for: @vue/runtime-dom@3.5.33 want: 3.5.33
150 silly placeDep ROOT @vue/runtime-core@3.5.33 OK for: @vue/runtime-dom@3.5.33 want: 3.5.33
151 silly placeDep ROOT csstype@3.2.3 OK for: @vue/runtime-dom@3.5.33 want: ^3.2.3
152 silly placeDep ROOT @jridgewell/sourcemap-codec@1.5.5 OK for: magic-string@0.30.21 want: ^1.5.5
153 silly placeDep ROOT nanoid@3.3.11 OK for: postcss@8.5.10 want: ^3.3.11
154 silly placeDep ROOT picocolors@1.1.1 OK for: postcss@8.5.10 want: ^1.1.1
155 silly reify mark retired [
155 silly reify   '/Users/lukashohenloechter/node_modules/@babel/helper-string-parser'
155 silly reify ]
156 silly reify mark retired [
156 silly reify   '/Users/lukashohenloechter/node_modules/@babel/helper-validator-identifier'
156 silly reify ]
157 silly reify mark retired [
157 silly reify   '/Users/lukashohenloechter/node_modules/@babel/parser',
157 silly reify   '/Users/lukashohenloechter/node_modules/.bin/parser'
157 silly reify ]
158 silly reify mark retired [ '/Users/lukashohenloechter/node_modules/@babel/types' ]
159 silly reify mark retired [
159 silly reify   '/Users/lukashohenloechter/node_modules/@fortawesome/fontawesome-common-types'
159 silly reify ]
160 silly reify mark retired [
160 silly reify   '/Users/lukashohenloechter/node_modules/@fortawesome/fontawesome-svg-core'
160 silly reify ]
161 silly reify mark retired [
161 silly reify   '/Users/lukashohenloechter/node_modules/@jridgewell/sourcemap-codec'
161 silly reify ]
162 silly reify mark retired [ '/Users/lukashohenloechter/node_modules/@vue/compiler-core' ]
163 silly reify mark retired [ '/Users/lukashohenloechter/node_modules/@vue/compiler-dom' ]
164 silly reify mark retired [ '/Users/lukashohenloechter/node_modules/@vue/compiler-sfc' ]
165 silly reify mark retired [ '/Users/lukashohenloechter/node_modules/@vue/compiler-ssr' ]
166 silly reify mark retired [ '/Users/lukashohenloechter/node_modules/@vue/reactivity' ]
167 silly reify mark retired [ '/Users/lukashohenloechter/node_modules/@vue/runtime-core' ]
168 silly reify mark retired [ '/Users/lukashohenloechter/node_modules/@vue/runtime-dom' ]
169 silly reify mark retired [ '/Users/lukashohenloechter/node_modules/@vue/server-renderer' ]
170 silly reify mark retired [ '/Users/lukashohenloechter/node_modules/@vue/shared' ]
171 silly reify mark retired [ '/Users/lukashohenloechter/node_modules/csstype' ]
172 silly reify mark retired [ '/Users/lukashohenloechter/node_modules/entities' ]
173 silly reify mark retired [ '/Users/lukashohenloechter/node_modules/magic-string' ]
174 silly reify mark retired [
174 silly reify   '/Users/lukashohenloechter/node_modules/nanoid',
174 silly reify   '/Users/lukashohenloechter/node_modules/.bin/nanoid'
174 silly reify ]
175 silly reify mark retired [ '/Users/lukashohenloechter/node_modules/postcss' ]
176 silly reify mark retired [ '/Users/lukashohenloechter/node_modules/vue' ]
177 silly reify moves {
177 silly reify   '/Users/lukashohenloechter/node_modules/@babel/helper-string-parser': '/Users/lukashohenloechter/node_modules/@babel/.helper-string-parser-Y5vNKwKv',
177 silly reify   '/Users/lukashohenloechter/node_modules/@babel/helper-validator-identifier': '/Users/lukashohenloechter/node_modules/@babel/.helper-validator-identifier-Wn1NqAkU',
177 silly reify   '/Users/lukashohenloechter/node_modules/@babel/parser': '/Users/lukashohenloechter/node_modules/@babel/.parser-y9C2Rywt',
177 silly reify   '/Users/lukashohenloechter/node_modules/.bin/parser': '/Users/lukashohenloechter/node_modules/.bin/.parser-Z5UQ2rRu',
177 silly reify   '/Users/lukashohenloechter/node_modules/@babel/types': '/Users/lukashohenloechter/node_modules/@babel/.types-coLI9h7A',
177 silly reify   '/Users/lukashohenloechter/node_modules/@fortawesome/fontawesome-common-types': '/Users/lukashohenloechter/node_modules/@fortawesome/.fontawesome-common-types-Uupf34gO',
177 silly reify   '/Users/lukashohenloechter/node_modules/@fortawesome/fontawesome-svg-core': '/Users/lukashohenloechter/node_modules/@fortawesome/.fontawesome-svg-core-ioXafo6C',
177 silly reify   '/Users/lukashohenloechter/node_modules/@jridgewell/sourcemap-codec': '/Users/lukashohenloechter/node_modules/@jridgewell/.sourcemap-codec-z5dbvFcC',
177 silly reify   '/Users/lukashohenloechter/node_modules/@vue/compiler-core': '/Users/lukashohenloechter/node_modules/@vue/.compiler-core-3yuipYH6',
177 silly reify   '/Users/lukashohenloechter/node_modules/@vue/compiler-dom': '/Users/lukashohenloechter/node_modules/@vue/.compiler-dom-3izSToZt',
177 silly reify   '/Users/lukashohenloechter/node_modules/@vue/compiler-sfc': '/Users/lukashohenloechter/node_modules/@vue/.compiler-sfc-qnhFNfhG',
177 silly reify   '/Users/lukashohenloechter/node_modules/@vue/compiler-ssr': '/Users/lukashohenloechter/node_modules/@vue/.compiler-ssr-MNSFFbI7',
177 silly reify   '/Users/lukashohenloechter/node_modules/@vue/reactivity': '/Users/lukashohenloechter/node_modules/@vue/.reactivity-XSBlmpF9',
177 silly reify   '/Users/lukashohenloechter/node_modules/@vue/runtime-core': '/Users/lukashohenloechter/node_modules/@vue/.runtime-core-yBO5BFWD',
177 silly reify   '/Users/lukashohenloechter/node_modules/@vue/runtime-dom': '/Users/lukashohenloechter/node_modules/@vue/.runtime-dom-ssqf2dih',
177 silly reify   '/Users/lukashohenloechter/node_modules/@vue/server-renderer': '/Users/lukashohenloechter/node_modules/@vue/.server-renderer-v8s21AeJ',
177 silly reify   '/Users/lukashohenloechter/node_modules/@vue/shared': '/Users/lukashohenloechter/node_modules/@vue/.shared-9LvQLUev',
177 silly reify   '/Users/lukashohenloechter/node_modules/csstype': '/Users/lukashohenloechter/node_modules/.csstype-j6YZEyoA',
177 silly reify   '/Users/lukashohenloechter/node_modules/entities': '/Users/lukashohenloechter/node_modules/.entities-g2aRJaYR',
177 silly reify   '/Users/lukashohenloechter/node_modules/magic-string': '/Users/lukashohenloechter/node_modules/.magic-string-PzQw9tPu',
177 silly reify   '/Users/lukashohenloechter/node_modules/nanoid': '/Users/lukashohenloechter/node_modules/.nanoid-rekQVSy8',
177 silly reify   '/Users/lukashohenloechter/node_modules/.bin/nanoid': '/Users/lukashohenloechter/node_modules/.bin/.nanoid-WII4eTxX',
177 silly reify   '/Users/lukashohenloechter/node_modules/postcss': '/Users/lukashohenloechter/node_modules/.postcss-O990e3Rt',
177 silly reify   '/Users/lukashohenloechter/node_modules/vue': '/Users/lukashohenloechter/node_modules/.vue-nkD4L8sI'
177 silly reify }
178 verbose stack Error: EPERM: operation not permitted, mkdir '/Users/lukashohenloechter/node_modules/@babel/.helper-string-parser-Y5vNKwKv'
179 error code EPERM
180 error syscall mkdir
181 error path /Users/lukashohenloechter/node_modules/@babel/.helper-string-parser-Y5vNKwKv
182 error errno -1
183 error [Error: EPERM: operation not permitted, mkdir '/Users/lukashohenloechter/node_modules/@babel/.helper-string-parser-Y5vNKwKv'] {
183 error   errno: -1,
183 error   code: 'EPERM',
183 error   syscall: 'mkdir',
183 error   path: '/Users/lukashohenloechter/node_modules/@babel/.helper-string-parser-Y5vNKwKv'
183 error }
184 error
184 error The operation was rejected by your operating system.
184 error It is likely you do not have the permissions to access this file as the current user
184 error
184 error If you believe this might be a permissions issue, please double-check the
184 error permissions of the file and its containing directories, or try running
184 error the command again as root/Administrator.
185 silly unfinished npm timer reify 1777195950347
186 silly unfinished npm timer reify:retireShallow 1777195955442
187 verbose cwd /Users/lukashohenloechter/Desktop/bitte_ein_bit
188 verbose os Darwin 25.4.0
189 verbose node v18.20.8
190 verbose npm  v10.8.2
191 notice
191 notice New major version of npm available! 10.8.2 -> 11.13.0
191 notice Changelog: https://github.com/npm/cli/releases/tag/v11.13.0
191 notice To update run: npm install -g npm@11.13.0
191 notice  { force: true, [Symbol(proc-log.meta)]: true }
192 verbose exit -1
193 verbose code -1
194 error A complete log of this run can be found in: /Users/lukashohenloechter/Desktop/bitte_ein_bit/.npm-cache/_logs/2026-04-26T09_32_30_130Z-debug-0.log
